{
  "task": "relevance",
  "epochs": 15,
  "test": {
    "accuracy": 0.8987441130298273,
    "macro_f1": 0.8987051072728853,
    "per_class_f1": [
      0.9006928406466512,
      0.8967173738991193
    ],
    "confusion_matrix": [
      [
        1755,
        155
      ],
      [
        232,
        1680
      ]
    ],
    "log_loss": 0.2513514459133148
  },
  "baseline": {
    "accuracy": 0.8495552066980638,
    "macro_f1": 0.8487836949375411,
    "per_class_f1": [
      0.8595848595848596,
      0.8379825302902226
    ],
    "confusion_matrix": [
      [
        1760,
        150
      ],
      [
        425,
        1487
      ]
    ],
    "log_loss": 2.424883568629261
  },
  "counts": {
    "train": {
      "1": 8259,
      "0": 8256
    },
    "validation": {
      "1": 1827,
      "0": 1824
    },
    "test": {
      "1": 1912,
      "0": 1910
    }
  }
}
{
  "task": "stance",
  "epochs": 32,
  "test": {
    "accuracy": 0.54,
    "macro_f1": 0.47150735294117646,
    "per_class_f1": [
      0.28125,
      0.6617647058823529
    ],
    "confusion_matrix": [
      [
        9,
        28
      ],
      [
        18,
        45
      ]
    ],
    "log_loss": 0.9865509867668152
  },
  "baseline": {
    "accuracy": 0.63,
    "macro_f1": 0.38650306748466257,
    "per_class_f1": [
      0.0,
      0.7730061349693251
    ],
    "confusion_matrix": [
      [
        0,
        37
      ],
      [
        0,
        63
      ]
    ],
    "log_loss": 5.963695390854579
  },
  "counts": {
    "train": {
      "0": 185,
      "1": 369
    },
    "validation": {
      "1": 74,
      "0": 43
    },
    "test": {
      "0": 37,
      "1": 63
    }
  }
}
